T17820b.hs:7:17: error: [GHC-28914]
    Level error: ‘f’ is bound at level 0 but used at level -1
    Hint: quoting [| f |] or an enclosing expression
    would allow the quotation to be used at an earlier level

