f_0 ((a_1 :: [GHC.Types.Char]) :: GHC.Internal.Base.String) = (a_1 :: [GHC.Types.Char]) :: GHC.Internal.Base.String
