ghczmprimzuGHCziTypeszuzdtczqZ32Hzuclosure
ghczmprimzuGHCziTuplezuzdtczqZ35T2zuclosure
ghczmprimzuGHCziTuplezuZ47Tzuinfo
ghczmprimzuGHCziTypeszuzdtczqZLzhz20UzhZR3zubytes
