default-fail08.hs:16:8: error: [GHC-39999]
    • Ambiguous type variable ‘a0’ arising from a use of ‘print’
      prevents the constraint ‘(Show a0)’ from being solved.
      Probable fix: use a type annotation to specify what ‘a0’ should be.
      Potentially matching instances:
        instance Show Ordering -- Defined in ‘GHC.Internal.Show’
        instance Show Integer -- Defined in ‘GHC.Internal.Show’
        ...plus 25 others
        ...plus 15 instances involving out-of-scope types
        (use -fprint-potential-instances to see them all)
    • In the expression: print (meth (4 :: Int))
      In an equation for ‘main’: main = print (meth (4 :: Int))

default-fail08.hs:16:15: error: [GHC-39999]
    • Ambiguous type variable ‘a0’ arising from a use of ‘meth’
      prevents the constraint ‘(C Int a0)’ from being solved.
      Probable fix: use a type annotation to specify what ‘a0’ should be.
      Potentially matching instance:
        instance C Int Integer -- Defined at default-fail08.hs:9:10
    • In the first argument of ‘print’, namely ‘(meth (4 :: Int))’
      In the expression: print (meth (4 :: Int))
      In an equation for ‘main’: main = print (meth (4 :: Int))

