module name 'Foo' is ambiguous:
- a-0.0.0:Foo
- b-0.0.0:Foo
module name 'Foo' is ambiguous:
- a-0.0.0:Foo
- b-0.0.0:Foo
module name 'Foo' is ambiguous:
- a-0.0.0:Foo
- b-0.0.0:Foo
