qq002.hs:8:10: error: [GHC-28914]
    • Level error: ‘parse’ is bound at level 0 but used at level -1
      Hint: quoting [| parse |] or an enclosing expression
      would allow the quotation to be used at an earlier level
    • In the quasi-quotation: [parse||]

